
> investment-calc@0.1.0 test
> jest src/tests/DataQuality.test.js

  console.warn
    The width(-1) and height(-1) of chart should be greater than 0,
           please check the style of container, or the props width(100%) and height(100%),
           or add a minWidth(0) or minHeight(undefined) or use aspect(undefined) to control the
           height and width.

      176 |             // Some calculators might need extra props or context mock if they crash
      177 |             // But our previous smoke test suggests they render fine with defaults.
    > 178 |             render(<Component />);
          |                   ^
      179 |         });
      180 |     });
      181 | });

      at warn (node_modules/recharts/lib/util/LogUtils.js:22:17)
      at node_modules/recharts/lib/component/ResponsiveContainer.js:146:22
      at renderWithHooks (node_modules/react-dom/cjs/react-dom.development.js:15486:18)
      at updateForwardRef (node_modules/react-dom/cjs/react-dom.development.js:19245:20)
      at beginWork (node_modules/react-dom/cjs/react-dom.development.js:21675:16)
      at beginWork$1 (node_modules/react-dom/cjs/react-dom.development.js:27465:14)
      at performUnitOfWork (node_modules/react-dom/cjs/react-dom.development.js:26599:12)
      at workLoopSync (node_modules/react-dom/cjs/react-dom.development.js:26505:5)
      at renderRootSync (node_modules/react-dom/cjs/react-dom.development.js:26473:7)
      at performConcurrentWorkOnRoot (node_modules/react-dom/cjs/react-dom.development.js:25777:74)
      at flushActQueue (node_modules/react/cjs/react.development.js:2667:24)
      at act (node_modules/react/cjs/react.development.js:2582:11)
      at node_modules/@testing-library/react/dist/act-compat.js:46:25
      at renderRoot (node_modules/@testing-library/react/dist/pure.js:189:26)
      at render (node_modules/@testing-library/react/dist/pure.js:291:10)
      at Object.<anonymous> (src/tests/DataQuality.test.js:178:19)

  console.warn
    The width(-1) and height(-1) of chart should be greater than 0,
           please check the style of container, or the props width(100%) and height(100%),
           or add a minWidth(0) or minHeight(undefined) or use aspect(undefined) to control the
           height and width.

      176 |             // Some calculators might need extra props or context mock if they crash
      177 |             // But our previous smoke test suggests they render fine with defaults.
    > 178 |             render(<Component />);
          |                   ^
      179 |         });
      180 |     });
      181 | });

      at warn (node_modules/recharts/lib/util/LogUtils.js:22:17)
      at node_modules/recharts/lib/component/ResponsiveContainer.js:146:22
      at renderWithHooks (node_modules/react-dom/cjs/react-dom.development.js:15486:18)
      at updateForwardRef (node_modules/react-dom/cjs/react-dom.development.js:19245:20)
      at beginWork (node_modules/react-dom/cjs/react-dom.development.js:21675:16)
      at beginWork$1 (node_modules/react-dom/cjs/react-dom.development.js:27465:14)
      at performUnitOfWork (node_modules/react-dom/cjs/react-dom.development.js:26599:12)
      at workLoopSync (node_modules/react-dom/cjs/react-dom.development.js:26505:5)
      at renderRootSync (node_modules/react-dom/cjs/react-dom.development.js:26473:7)
      at performConcurrentWorkOnRoot (node_modules/react-dom/cjs/react-dom.development.js:25777:74)
      at flushActQueue (node_modules/react/cjs/react.development.js:2667:24)
      at act (node_modules/react/cjs/react.development.js:2582:11)
      at node_modules/@testing-library/react/dist/act-compat.js:46:25
      at renderRoot (node_modules/@testing-library/react/dist/pure.js:189:26)
      at render (node_modules/@testing-library/react/dist/pure.js:291:10)
      at Object.<anonymous> (src/tests/DataQuality.test.js:178:19)

  console.error
    Error: Uncaught [Error: [Bar] Found invalid data point in Dataset 1 (Annual Withdrawal) at index 0: null]
        at Object.<anonymous> (src/tests/DataQuality.test.js:178:19)
        at new Promise (<anonymous>) {
      detail: Error: [Bar] Found invalid data point in Dataset 1 (Annual Withdrawal) at index 0: null
          at /Users/nishanksoni/Projects/investment-calc/src/tests/DataQuality.test.js:96:23
          at Array.forEach (<anonymous>)
          at forEach (/Users/nishanksoni/Projects/investment-calc/src/tests/DataQuality.test.js:94:22)
          at Array.forEach (<anonymous>)
          at forEach (/Users/nishanksoni/Projects/investment-calc/src/tests/DataQuality.test.js:79:19)
          at validateDataQuality (/Users/nishanksoni/Projects/investment-calc/src/tests/DataQuality.test.js:110:47)
          at renderWithHooks (/Users/nishanksoni/Projects/investment-calc/node_modules/react-dom/cjs/react-dom.development.js:15486:18)
          at updateForwardRef (/Users/nishanksoni/Projects/investment-calc/node_modules/react-dom/cjs/react-dom.development.js:19245:20)
          at beginWork (/Users/nishanksoni/Projects/investment-calc/node_modules/react-dom/cjs/react-dom.development.js:21675:16)
          at HTMLUnknownElement.callCallback (/Users/nishanksoni/Projects/investment-calc/node_modules/react-dom/cjs/react-dom.development.js:4164:14)
          at HTMLUnknownElement.callTheUserObjectsOperation (/Users/nishanksoni/Projects/investment-calc/node_modules/jsdom/lib/jsdom/living/generated/EventListener.js:26:30)
          at innerInvokeEventListeners (/Users/nishanksoni/Projects/investment-calc/node_modules/jsdom/lib/jsdom/living/events/EventTarget-impl.js:350:25)
          at invokeEventListeners (/Users/nishanksoni/Projects/investment-calc/node_modules/jsdom/lib/jsdom/living/events/EventTarget-impl.js:286:3)
          at HTMLUnknownElementImpl._dispatch (/Users/nishanksoni/Projects/investment-calc/node_modules/jsdom/lib/jsdom/living/events/EventTarget-impl.js:233:9)
          at HTMLUnknownElementImpl.dispatchEvent (/Users/nishanksoni/Projects/investment-calc/node_modules/jsdom/lib/jsdom/living/events/EventTarget-impl.js:104:17)
          at HTMLUnknownElement.dispatchEvent (/Users/nishanksoni/Projects/investment-calc/node_modules/jsdom/lib/jsdom/living/generated/EventTarget.js:241:34)
          at Object.invokeGuardedCallbackDev (/Users/nishanksoni/Projects/investment-calc/node_modules/react-dom/cjs/react-dom.development.js:4213:16)
          at invokeGuardedCallback (/Users/nishanksoni/Projects/investment-calc/node_modules/react-dom/cjs/react-dom.development.js:4277:31)
          at beginWork$1 (/Users/nishanksoni/Projects/investment-calc/node_modules/react-dom/cjs/react-dom.development.js:27490:7)
          at performUnitOfWork (/Users/nishanksoni/Projects/investment-calc/node_modules/react-dom/cjs/react-dom.development.js:26599:12)
          at workLoopSync (/Users/nishanksoni/Projects/investment-calc/node_modules/react-dom/cjs/react-dom.development.js:26505:5)
          at renderRootSync (/Users/nishanksoni/Projects/investment-calc/node_modules/react-dom/cjs/react-dom.development.js:26473:7)
          at performConcurrentWorkOnRoot (/Users/nishanksoni/Projects/investment-calc/node_modules/react-dom/cjs/react-dom.development.js:25777:74)
          at flushActQueue (/Users/nishanksoni/Projects/investment-calc/node_modules/react/cjs/react.development.js:2667:24)
          at act (/Users/nishanksoni/Projects/investment-calc/node_modules/react/cjs/react.development.js:2582:11)
          at /Users/nishanksoni/Projects/investment-calc/node_modules/@testing-library/react/dist/act-compat.js:46:25
          at renderRoot (/Users/nishanksoni/Projects/investment-calc/node_modules/@testing-library/react/dist/pure.js:189:26)
          at render (/Users/nishanksoni/Projects/investment-calc/node_modules/@testing-library/react/dist/pure.js:291:10)
          at Object.<anonymous> (/Users/nishanksoni/Projects/investment-calc/src/tests/DataQuality.test.js:178:19)
          at Promise.finally.completed (/Users/nishanksoni/Projects/investment-calc/node_modules/jest-circus/build/jestAdapterInit.js:1557:28)
          at new Promise (<anonymous>)
          at callAsyncCircusFn (/Users/nishanksoni/Projects/investment-calc/node_modules/jest-circus/build/jestAdapterInit.js:1497:10)
          at _callCircusTest (/Users/nishanksoni/Projects/investment-calc/node_modules/jest-circus/build/jestAdapterInit.js:1007:40)
          at _runTest (/Users/nishanksoni/Projects/investment-calc/node_modules/jest-circus/build/jestAdapterInit.js:947:3)
          at /Users/nishanksoni/Projects/investment-calc/node_modules/jest-circus/build/jestAdapterInit.js:849:7
          at _runTestsForDescribeBlock (/Users/nishanksoni/Projects/investment-calc/node_modules/jest-circus/build/jestAdapterInit.js:862:11)
          at _runTestsForDescribeBlock (/Users/nishanksoni/Projects/investment-calc/node_modules/jest-circus/build/jestAdapterInit.js:857:11)
          at run (/Users/nishanksoni/Projects/investment-calc/node_modules/jest-circus/build/jestAdapterInit.js:761:3)
          at runAndTransformResultsToJestFormat (/Users/nishanksoni/Projects/investment-calc/node_modules/jest-circus/build/jestAdapterInit.js:1918:21)
          at jestAdapter (/Users/nishanksoni/Projects/investment-calc/node_modules/jest-circus/build/runner.js:101:19)
          at runTestInternal (/Users/nishanksoni/Projects/investment-calc/node_modules/jest-runner/build/index.js:275:16)
          at runTest (/Users/nishanksoni/Projects/investment-calc/node_modules/jest-runner/build/index.js:343:7),
      type: 'unhandled exception'
    }

      176 |             // Some calculators might need extra props or context mock if they crash
      177 |             // But our previous smoke test suggests they render fine with defaults.
    > 178 |             render(<Component />);
          |                   ^
      179 |         });
      180 |     });
      181 | });

      at VirtualConsole.<anonymous> (node_modules/@jest/environment-jsdom-abstract/build/index.js:87:23)
      at reportException (node_modules/jsdom/lib/jsdom/living/helpers/runtime-script-errors.js:70:28)
      at innerInvokeEventListeners (node_modules/jsdom/lib/jsdom/living/events/EventTarget-impl.js:353:9)
      at invokeEventListeners (node_modules/jsdom/lib/jsdom/living/events/EventTarget-impl.js:286:3)
      at HTMLUnknownElementImpl._dispatch (node_modules/jsdom/lib/jsdom/living/events/EventTarget-impl.js:233:9)
      at HTMLUnknownElementImpl.dispatchEvent (node_modules/jsdom/lib/jsdom/living/events/EventTarget-impl.js:104:17)
      at HTMLUnknownElement.dispatchEvent (node_modules/jsdom/lib/jsdom/living/generated/EventTarget.js:241:34)
      at Object.invokeGuardedCallbackDev (node_modules/react-dom/cjs/react-dom.development.js:4213:16)
      at invokeGuardedCallback (node_modules/react-dom/cjs/react-dom.development.js:4277:31)
      at beginWork$1 (node_modules/react-dom/cjs/react-dom.development.js:27490:7)
      at performUnitOfWork (node_modules/react-dom/cjs/react-dom.development.js:26599:12)
      at workLoopSync (node_modules/react-dom/cjs/react-dom.development.js:26505:5)
      at renderRootSync (node_modules/react-dom/cjs/react-dom.development.js:26473:7)
      at performConcurrentWorkOnRoot (node_modules/react-dom/cjs/react-dom.development.js:25777:74)
      at flushActQueue (node_modules/react/cjs/react.development.js:2667:24)
      at act (node_modules/react/cjs/react.development.js:2582:11)
      at node_modules/@testing-library/react/dist/act-compat.js:46:25
      at renderRoot (node_modules/@testing-library/react/dist/pure.js:189:26)
      at render (node_modules/@testing-library/react/dist/pure.js:291:10)
      at Object.<anonymous> (src/tests/DataQuality.test.js:178:19)

  console.error
    Error: Uncaught [Error: [Bar] Found invalid data point in Dataset 1 (Annual Withdrawal) at index 0: null]
        at Object.<anonymous> (src/tests/DataQuality.test.js:178:19)
        at new Promise (<anonymous>) {
      detail: Error: [Bar] Found invalid data point in Dataset 1 (Annual Withdrawal) at index 0: null
          at /Users/nishanksoni/Projects/investment-calc/src/tests/DataQuality.test.js:96:23
          at Array.forEach (<anonymous>)
          at forEach (/Users/nishanksoni/Projects/investment-calc/src/tests/DataQuality.test.js:94:22)
          at Array.forEach (<anonymous>)
          at forEach (/Users/nishanksoni/Projects/investment-calc/src/tests/DataQuality.test.js:79:19)
          at validateDataQuality (/Users/nishanksoni/Projects/investment-calc/src/tests/DataQuality.test.js:110:47)
          at renderWithHooks (/Users/nishanksoni/Projects/investment-calc/node_modules/react-dom/cjs/react-dom.development.js:15486:18)
          at updateForwardRef (/Users/nishanksoni/Projects/investment-calc/node_modules/react-dom/cjs/react-dom.development.js:19245:20)
          at beginWork (/Users/nishanksoni/Projects/investment-calc/node_modules/react-dom/cjs/react-dom.development.js:21675:16)
          at HTMLUnknownElement.callCallback (/Users/nishanksoni/Projects/investment-calc/node_modules/react-dom/cjs/react-dom.development.js:4164:14)
          at HTMLUnknownElement.callTheUserObjectsOperation (/Users/nishanksoni/Projects/investment-calc/node_modules/jsdom/lib/jsdom/living/generated/EventListener.js:26:30)
          at innerInvokeEventListeners (/Users/nishanksoni/Projects/investment-calc/node_modules/jsdom/lib/jsdom/living/events/EventTarget-impl.js:350:25)
          at invokeEventListeners (/Users/nishanksoni/Projects/investment-calc/node_modules/jsdom/lib/jsdom/living/events/EventTarget-impl.js:286:3)
          at HTMLUnknownElementImpl._dispatch (/Users/nishanksoni/Projects/investment-calc/node_modules/jsdom/lib/jsdom/living/events/EventTarget-impl.js:233:9)
          at HTMLUnknownElementImpl.dispatchEvent (/Users/nishanksoni/Projects/investment-calc/node_modules/jsdom/lib/jsdom/living/events/EventTarget-impl.js:104:17)
          at HTMLUnknownElement.dispatchEvent (/Users/nishanksoni/Projects/investment-calc/node_modules/jsdom/lib/jsdom/living/generated/EventTarget.js:241:34)
          at Object.invokeGuardedCallbackDev (/Users/nishanksoni/Projects/investment-calc/node_modules/react-dom/cjs/react-dom.development.js:4213:16)
          at invokeGuardedCallback (/Users/nishanksoni/Projects/investment-calc/node_modules/react-dom/cjs/react-dom.development.js:4277:31)
          at beginWork$1 (/Users/nishanksoni/Projects/investment-calc/node_modules/react-dom/cjs/react-dom.development.js:27490:7)
          at performUnitOfWork (/Users/nishanksoni/Projects/investment-calc/node_modules/react-dom/cjs/react-dom.development.js:26599:12)
          at workLoopSync (/Users/nishanksoni/Projects/investment-calc/node_modules/react-dom/cjs/react-dom.development.js:26505:5)
          at renderRootSync (/Users/nishanksoni/Projects/investment-calc/node_modules/react-dom/cjs/react-dom.development.js:26473:7)
          at recoverFromConcurrentError (/Users/nishanksoni/Projects/investment-calc/node_modules/react-dom/cjs/react-dom.development.js:25889:20)
          at performConcurrentWorkOnRoot (/Users/nishanksoni/Projects/investment-calc/node_modules/react-dom/cjs/react-dom.development.js:25789:22)
          at flushActQueue (/Users/nishanksoni/Projects/investment-calc/node_modules/react/cjs/react.development.js:2667:24)
          at act (/Users/nishanksoni/Projects/investment-calc/node_modules/react/cjs/react.development.js:2582:11)
          at /Users/nishanksoni/Projects/investment-calc/node_modules/@testing-library/react/dist/act-compat.js:46:25
          at renderRoot (/Users/nishanksoni/Projects/investment-calc/node_modules/@testing-library/react/dist/pure.js:189:26)
          at render (/Users/nishanksoni/Projects/investment-calc/node_modules/@testing-library/react/dist/pure.js:291:10)
          at Object.<anonymous> (/Users/nishanksoni/Projects/investment-calc/src/tests/DataQuality.test.js:178:19)
          at Promise.finally.completed (/Users/nishanksoni/Projects/investment-calc/node_modules/jest-circus/build/jestAdapterInit.js:1557:28)
          at new Promise (<anonymous>)
          at callAsyncCircusFn (/Users/nishanksoni/Projects/investment-calc/node_modules/jest-circus/build/jestAdapterInit.js:1497:10)
          at _callCircusTest (/Users/nishanksoni/Projects/investment-calc/node_modules/jest-circus/build/jestAdapterInit.js:1007:40)
          at _runTest (/Users/nishanksoni/Projects/investment-calc/node_modules/jest-circus/build/jestAdapterInit.js:947:3)
          at /Users/nishanksoni/Projects/investment-calc/node_modules/jest-circus/build/jestAdapterInit.js:849:7
          at _runTestsForDescribeBlock (/Users/nishanksoni/Projects/investment-calc/node_modules/jest-circus/build/jestAdapterInit.js:862:11)
          at _runTestsForDescribeBlock (/Users/nishanksoni/Projects/investment-calc/node_modules/jest-circus/build/jestAdapterInit.js:857:11)
          at run (/Users/nishanksoni/Projects/investment-calc/node_modules/jest-circus/build/jestAdapterInit.js:761:3)
          at runAndTransformResultsToJestFormat (/Users/nishanksoni/Projects/investment-calc/node_modules/jest-circus/build/jestAdapterInit.js:1918:21)
          at jestAdapter (/Users/nishanksoni/Projects/investment-calc/node_modules/jest-circus/build/runner.js:101:19)
          at runTestInternal (/Users/nishanksoni/Projects/investment-calc/node_modules/jest-runner/build/index.js:275:16)
          at runTest (/Users/nishanksoni/Projects/investment-calc/node_modules/jest-runner/build/index.js:343:7),
      type: 'unhandled exception'
    }

      176 |             // Some calculators might need extra props or context mock if they crash
      177 |             // But our previous smoke test suggests they render fine with defaults.
    > 178 |             render(<Component />);
          |                   ^
      179 |         });
      180 |     });
      181 | });

      at VirtualConsole.<anonymous> (node_modules/@jest/environment-jsdom-abstract/build/index.js:87:23)
      at reportException (node_modules/jsdom/lib/jsdom/living/helpers/runtime-script-errors.js:70:28)
      at innerInvokeEventListeners (node_modules/jsdom/lib/jsdom/living/events/EventTarget-impl.js:353:9)
      at invokeEventListeners (node_modules/jsdom/lib/jsdom/living/events/EventTarget-impl.js:286:3)
      at HTMLUnknownElementImpl._dispatch (node_modules/jsdom/lib/jsdom/living/events/EventTarget-impl.js:233:9)
      at HTMLUnknownElementImpl.dispatchEvent (node_modules/jsdom/lib/jsdom/living/events/EventTarget-impl.js:104:17)
      at HTMLUnknownElement.dispatchEvent (node_modules/jsdom/lib/jsdom/living/generated/EventTarget.js:241:34)
      at Object.invokeGuardedCallbackDev (node_modules/react-dom/cjs/react-dom.development.js:4213:16)
      at invokeGuardedCallback (node_modules/react-dom/cjs/react-dom.development.js:4277:31)
      at beginWork$1 (node_modules/react-dom/cjs/react-dom.development.js:27490:7)
      at performUnitOfWork (node_modules/react-dom/cjs/react-dom.development.js:26599:12)
      at workLoopSync (node_modules/react-dom/cjs/react-dom.development.js:26505:5)
      at renderRootSync (node_modules/react-dom/cjs/react-dom.development.js:26473:7)
      at recoverFromConcurrentError (node_modules/react-dom/cjs/react-dom.development.js:25889:20)
      at performConcurrentWorkOnRoot (node_modules/react-dom/cjs/react-dom.development.js:25789:22)
      at flushActQueue (node_modules/react/cjs/react.development.js:2667:24)
      at act (node_modules/react/cjs/react.development.js:2582:11)
      at node_modules/@testing-library/react/dist/act-compat.js:46:25
      at renderRoot (node_modules/@testing-library/react/dist/pure.js:189:26)
      at render (node_modules/@testing-library/react/dist/pure.js:291:10)
      at Object.<anonymous> (src/tests/DataQuality.test.js:178:19)

  console.error
    The above error occurred in the <ForwardRef> component:
    
        at validateDataQuality (/Users/nishanksoni/Projects/investment-calc/src/tests/DataQuality.test.js:110:47)
        at div
        at data (/Users/nishanksoni/Projects/investment-calc/src/components/common/FinancialCharts.js:95:37)
        at div
        at div
        at div
        at inputs (/Users/nishanksoni/Projects/investment-calc/src/components/common/CalculatorLayout.js:5:5)
        at currency (/Users/nishanksoni/Projects/investment-calc/src/components/calculators/StepDownWithdrawal.js:95:46)
    
    Consider adding an error boundary to your tree to customize error handling behavior.
    Visit https://reactjs.org/link/error-boundaries to learn more about error boundaries.

      176 |             // Some calculators might need extra props or context mock if they crash
      177 |             // But our previous smoke test suggests they render fine with defaults.
    > 178 |             render(<Component />);
          |                   ^
      179 |         });
      180 |     });
      181 | });

      at logCapturedError (node_modules/react-dom/cjs/react-dom.development.js:18704:23)
      at update.callback (node_modules/react-dom/cjs/react-dom.development.js:18737:5)
      at callCallback (node_modules/react-dom/cjs/react-dom.development.js:15036:12)
      at commitUpdateQueue (node_modules/react-dom/cjs/react-dom.development.js:15057:9)
      at commitLayoutEffectOnFiber (node_modules/react-dom/cjs/react-dom.development.js:23430:13)
      at commitLayoutMountEffects_complete (node_modules/react-dom/cjs/react-dom.development.js:24727:9)
      at commitLayoutEffects_begin (node_modules/react-dom/cjs/react-dom.development.js:24713:7)
      at commitLayoutEffects (node_modules/react-dom/cjs/react-dom.development.js:24651:3)
      at commitRootImpl (node_modules/react-dom/cjs/react-dom.development.js:26862:5)
      at commitRoot (node_modules/react-dom/cjs/react-dom.development.js:26721:5)
      at finishConcurrentRender (node_modules/react-dom/cjs/react-dom.development.js:25931:9)
      at performConcurrentWorkOnRoot (node_modules/react-dom/cjs/react-dom.development.js:25848:7)
      at flushActQueue (node_modules/react/cjs/react.development.js:2667:24)
      at act (node_modules/react/cjs/react.development.js:2582:11)
      at node_modules/@testing-library/react/dist/act-compat.js:46:25
      at renderRoot (node_modules/@testing-library/react/dist/pure.js:189:26)
      at render (node_modules/@testing-library/react/dist/pure.js:291:10)
      at Object.<anonymous> (src/tests/DataQuality.test.js:178:19)

FAIL src/tests/DataQuality.test.js
  Chart Data Quality Sanity Checks
    ✓ AdvancedCarLoanEMI renders charts with valid numerical data (67 ms)
    ✓ AdvancedHomeLoanEMI renders charts with valid numerical data (25 ms)
    ✓ AssetAllocation renders charts with valid numerical data (5 ms)
    ✓ CAGRCalculator renders charts with valid numerical data (16 ms)
    ✓ CompareLoans renders charts with valid numerical data (4 ms)
    ✓ CompoundInterest renders charts with valid numerical data (9 ms)
    ✓ CostOfDelay renders charts with valid numerical data (2 ms)
    ✓ CreditCardPayoff renders charts with valid numerical data (3 ms)
    ✓ EMIComparison renders charts with valid numerical data (43 ms)
    ✓ ExpenseRatioCalculator renders charts with valid numerical data (8 ms)
    ✓ FixedDeposit renders charts with valid numerical data (6 ms)
    ✓ GoalPlanner renders charts with valid numerical data (11 ms)
    ✓ HomeLoanEligibility renders charts with valid numerical data (11 ms)
    ✓ InflationImpact renders charts with valid numerical data (6 ms)
    ✓ LoanEMI renders charts with valid numerical data (16 ms)
    ✓ LumpSumOnly renders charts with valid numerical data (7 ms)
    ✓ MoratoriumLoanEMI renders charts with valid numerical data (6 ms)
    ✓ PPFCalculator renders charts with valid numerical data (7 ms)
    ✓ PropertyLoanEligibility renders charts with valid numerical data (3 ms)
    ✓ PureSIP renders charts with valid numerical data (5 ms)
    ✓ RecurringDeposit renders charts with valid numerical data (4 ms)
    ✓ RefinanceCalculator renders charts with valid numerical data (5 ms)
    ✓ RentVsBuy renders charts with valid numerical data (10 ms)
    ✓ ROICalculator renders charts with valid numerical data (6 ms)
    ✓ RuleOf72 renders charts with valid numerical data (5 ms)
    ✓ SimpleInterest renders charts with valid numerical data (6 ms)
    ✓ SIPWithLumpSum renders charts with valid numerical data (6 ms)
    ✕ StepDownWithdrawal renders charts with valid numerical data (38 ms)
    ✓ StepUpLoanEMI renders charts with valid numerical data (7 ms)
    ✓ StepUpSIP renders charts with valid numerical data (6 ms)
    ✓ StepUpSIPWithLump renders charts with valid numerical data (7 ms)
    ✓ SWPCalculator renders charts with valid numerical data (7 ms)
    ✓ SWRSimulator renders charts with valid numerical data (3 ms)
    ✓ TimeDurationCalculator renders charts with valid numerical data (2 ms)
    ✓ TimeToFIRE renders charts with valid numerical data (13 ms)
    ✓ TopUpLoanEMI renders charts with valid numerical data (9 ms)
    ✓ XIRRCalculator renders charts with valid numerical data (12 ms)

  ● Chart Data Quality Sanity Checks › StepDownWithdrawal renders charts with valid numerical data

    [Bar] Found invalid data point in Dataset 1 (Annual Withdrawal) at index 0: null

      94 |         dataset.data.forEach((point, pointIndex) => {
      95 |             if (point === undefined || point === null || Number.isNaN(point)) {
    > 96 |                 throw new Error(
         |                       ^
      97 |                     `[${componentName}] Found invalid data point in Dataset ${setIndex} (${dataset.label}) at index ${pointIndex}: ${point}`
      98 |                 );
      99 |             }

      at src/tests/DataQuality.test.js:96:23
          at Array.forEach (<anonymous>)
      at forEach (src/tests/DataQuality.test.js:94:22)
          at Array.forEach (<anonymous>)
      at forEach (src/tests/DataQuality.test.js:79:19)
      at validateDataQuality (src/tests/DataQuality.test.js:110:47)
      at renderWithHooks (node_modules/react-dom/cjs/react-dom.development.js:15486:18)
      at updateForwardRef (node_modules/react-dom/cjs/react-dom.development.js:19245:20)
      at beginWork (node_modules/react-dom/cjs/react-dom.development.js:21675:16)
      at beginWork$1 (node_modules/react-dom/cjs/react-dom.development.js:27465:14)
      at performUnitOfWork (node_modules/react-dom/cjs/react-dom.development.js:26599:12)
      at workLoopSync (node_modules/react-dom/cjs/react-dom.development.js:26505:5)
      at renderRootSync (node_modules/react-dom/cjs/react-dom.development.js:26473:7)
      at recoverFromConcurrentError (node_modules/react-dom/cjs/react-dom.development.js:25889:20)
      at performConcurrentWorkOnRoot (node_modules/react-dom/cjs/react-dom.development.js:25789:22)
      at flushActQueue (node_modules/react/cjs/react.development.js:2667:24)
      at act (node_modules/react/cjs/react.development.js:2582:11)
      at node_modules/@testing-library/react/dist/act-compat.js:46:25
      at renderRoot (node_modules/@testing-library/react/dist/pure.js:189:26)
      at render (node_modules/@testing-library/react/dist/pure.js:291:10)
      at Object.<anonymous> (src/tests/DataQuality.test.js:178:19)

Test Suites: 1 failed, 1 total
Tests:       1 failed, 36 passed, 37 total
Snapshots:   0 total
Time:        0.954 s, estimated 1 s
Ran all test suites matching src/tests/DataQuality.test.js.
